// Jest Snapshot v1, https://goo.gl/fbAQLP

exports[`Get started (landing page) renders 1`] = `
<Fragment>
  <div
    className="panel-restrict-width"
  >
    <EuiPageHeader>
      <EuiTitle
        size="l"
      >
        <h1>
          Get started
        </h1>
      </EuiTitle>
      <ExternalLinkButton
        href="#/"
        text="Open in new window"
      />
    </EuiPageHeader>
    <EuiPanel
      paddingSize="l"
    >
      <EuiText
        color="subdued"
        size="s"
      >
        <p>
          The Open Distro for Elasticsearch security plugin lets you define the API calls that users can make and the data they can access. The most basic configuration consists of three steps.
        </p>
      </EuiText>
      <EuiSpacer
        size="l"
      />
      <EuiImage
        alt="Three steps to set up your security"
        size="xl"
        url="test-file-stub"
      />
      <EuiSpacer
        size="l"
      />
      <EuiSteps
        steps={
          Array [
            Object {
              "children": <React.Fragment>
                <EuiText
                  color="subdued"
                  size="s"
                >
                  Add authentication
                  <EuiCode>
                    (authc)
                  </EuiCode>
                  and authorization
                  <EuiCode>
                    (authz)
                  </EuiCode>
                  information to
                  <EuiCode>
                    plugins/opendistro_security/securityconfig/config.yml
                  </EuiCode>
                  . The 
                  <EuiCode>
                    authc
                  </EuiCode>
                   section contains the backends to check user credentials against. The 
                  <EuiCode>
                    authz
                  </EuiCode>
                  section contains any backends to fetch external identities from. The most common example of an external identity is an LDAP group.
                   
                  <ExternalLink
                    href="https://opendistro.github.io/for-elasticsearch-docs/docs/security/configuration/concepts/"
                  />
                </EuiText>
                <EuiSpacer
                  size="m"
                />
                <EuiFlexGroup
                  gutterSize="s"
                >
                  <EuiFlexItem
                    grow={false}
                  >
                    <ExternalLinkButton
                      fill={true}
                      href="https://opendistro.github.io/for-elasticsearch-docs/docs/security/configuration/configuration/"
                      text="Create config.yml"
                    />
                  </EuiFlexItem>
                  <EuiFlexItem
                    grow={false}
                  >
                    <EuiButton
                      data-test-subj="review-authentication-and-authorization"
                      onClick={[Function]}
                    >
                      Review authentication and authorization
                    </EuiButton>
                  </EuiFlexItem>
                </EuiFlexGroup>
                <EuiSpacer
                  size="l"
                />
              </React.Fragment>,
              "title": "Add backends",
            },
            Object {
              "children": <React.Fragment>
                <EuiText
                  color="subdued"
                  size="s"
                >
                  Roles are reusable collections of permissions. The default roles are a great starting point, but you might need to create custom roles that meet your exact needs.
                   
                  <ExternalLink
                    href="https://opendistro.github.io/for-elasticsearch-docs/docs/security/access-control/users-roles/#create-roles"
                  />
                </EuiText>
                <EuiSpacer
                  size="m"
                />
                <EuiFlexGroup
                  gutterSize="s"
                >
                  <EuiFlexItem
                    grow={false}
                  >
                    <EuiButton
                      data-test-subj="explore-existing-roles"
                      fill={true}
                      onClick={[Function]}
                    >
                      Explore existing roles
                    </EuiButton>
                  </EuiFlexItem>
                  <EuiFlexItem
                    grow={false}
                  >
                    <EuiButton
                      data-test-subj="create-new-role"
                      onClick={[Function]}
                    >
                      Create new role
                    </EuiButton>
                  </EuiFlexItem>
                </EuiFlexGroup>
                <EuiSpacer
                  size="l"
                />
              </React.Fragment>,
              "title": "Create roles",
            },
            Object {
              "children": <React.Fragment>
                <EuiText
                  color="subdued"
                  size="s"
                >
                  After a user successfully authenticates, the security plugin retrieves that userâ€™s roles. You can map roles directly to users, but you can also map them to external identities.
                   
                  <ExternalLink
                    href="https://opendistro.github.io/for-elasticsearch-docs/docs/security/access-control/users-roles/#map-users-to-roles"
                  />
                </EuiText>
                <EuiSpacer
                  size="m"
                />
                <EuiFlexGroup
                  gutterSize="s"
                >
                  <EuiFlexItem
                    grow={false}
                  >
                    <EuiButton
                      data-test-subj="map-users-to-role"
                      fill={true}
                      onClick={[Function]}
                    >
                      Map users to a role
                    </EuiButton>
                  </EuiFlexItem>
                  <EuiFlexItem
                    grow={false}
                  >
                    <EuiButton
                      data-test-subj="create-internal-user"
                      onClick={[Function]}
                    >
                      Create internal user
                    </EuiButton>
                  </EuiFlexItem>
                </EuiFlexGroup>
              </React.Fragment>,
              "title": "Map users",
            },
          ]
        }
      />
    </EuiPanel>
    <EuiSpacer
      size="l"
    />
    <EuiPanel
      paddingSize="l"
    >
      <EuiTitle
        size="s"
      >
        <h3>
          Optional: Configure audit logs
        </h3>
      </EuiTitle>
      <EuiText
        color="subdued"
        size="s"
      >
        <p>
          Audit logs let you track user access to your Elasticsearch cluster and are useful for compliance purposes. 
          <ExternalLink
            href="https://opendistro.github.io/for-elasticsearch-docs/docs/security/audit-logs/"
          />
        </p>
        <EuiButton
          data-test-subj="review-audit-log-configuration"
          fill={true}
          onClick={[Function]}
        >
          Review Audit Log Configuration
        </EuiButton>
      </EuiText>
    </EuiPanel>
  </div>
</Fragment>
`;
