// Jest Snapshot v1, https://goo.gl/fbAQLP

exports[`Display utils Render Customization column when reserved = False 1`] = `
<div
  className="euiFlexGroup euiFlexGroup--gutterExtraSmall euiFlexGroup--alignItemsCenter euiFlexGroup--directionRow euiFlexGroup--responsive"
>
  <EuiFlexItem
    grow={false}
  >
    <EuiIcon
      type="pencil"
    />
  </EuiFlexItem>
  <EuiFlexItem
    grow={false}
  >
    <EuiText
      className="table-items"
      data-test-subj="filter-custom"
    >
      Custom
    </EuiText>
  </EuiFlexItem>
</div>
`;

exports[`Display utils Render Customization column when reserved = True 1`] = `
<div
  className="euiFlexGroup euiFlexGroup--gutterExtraSmall euiFlexGroup--alignItemsCenter euiFlexGroup--directionRow euiFlexGroup--responsive"
>
  <EuiFlexItem
    grow={false}
  >
    <EuiIcon
      type="lock"
    />
  </EuiFlexItem>
  <EuiFlexItem
    grow={false}
  >
    <EuiText
      className="table-items"
      data-test-subj="filter-reserved"
    >
      Reserved
    </EuiText>
  </EuiFlexItem>
</div>
`;

exports[`Display utils Render External Link 1`] = `
<EuiLink
  className="external-link-inline-block"
  external={true}
  href="http://localhost:5601"
  target="_blank"
>
  Learn more
</EuiLink>
`;

exports[`Display utils Render External Link Button 1`] = `
<EuiSmallButton
  fill={true}
  href="http://localhost:5601"
  iconSide="right"
  iconType="popout"
  size="s"
  target="_blank"
>
  Test
</EuiSmallButton>
`;

exports[`Display utils Render expression when expression is non-empty 1`] = `
<div>
  <EuiLink
    data-test-subj="view-expression"
    onClick={[Function]}
  >
    View expression
  </EuiLink>
</div>
`;

exports[`Display utils Render header with tooltip 1`] = `
<Fragment>
  <span
    className="euiToolTipAnchor"
    onKeyUp={[Function]}
    onMouseOut={[Function]}
    onMouseOver={[Function]}
  >
    <span
      onBlur={[Function]}
      onFocus={[Function]}
    >
      Header
       
      <EuiIcon
        className="eui-alignTop"
        color="subdued"
        size="s"
        type="questionInCircle"
      />
    </span>
  </span>
</Fragment>
`;

exports[`Display utils Render text flex item 1`] = `
<div
  className="euiFlexItem"
>
  <EuiText
    size="xs"
  >
    <strong>
      Header
    </strong>
    <div>
      Value
    </div>
  </EuiText>
</div>
`;
