// Jest Snapshot v1, https://goo.gl/fbAQLP

exports[`Auth view should load access error component 1`] = `
<Fragment>
  <Memo()
    coreStart={
      Object {
        "http": 1,
      }
    }
    dataSourcePickerReadOnly={false}
    navigation={Object {}}
    selectedDataSource={
      Object {
        "id": "test",
      }
    }
    setDataSource={[MockFunction]}
  />
  <EuiTitle
    size="l"
  >
    <h1>
      Authentication and authorization
    </h1>
  </EuiTitle>
  <AccessErrorComponent
    loading={false}
  />
</Fragment>
`;
